Compose can now delegate builds to bake for better performance.
 To do so, set COMPOSE_BAKE=true.
#0 building with "desktop-linux" instance using docker driver

#1 [angular-dev internal] load build definition from Dockerfile
#1 transferring dockerfile: 866B done
#1 DONE 0.0s

#2 [angular-dev internal] load metadata for docker.io/library/node:22-alpine
#2 DONE 0.0s

#3 [angular-dev internal] load .dockerignore
#3 transferring context: 368B done
#3 DONE 0.0s

#4 [angular-dev builder 1/6] FROM docker.io/library/node:22-alpine@sha256:16e22a550f3863206a3f701448c45f7912c6896a62de43add43bb9c86130c3e2
#4 resolve docker.io/library/node:22-alpine@sha256:16e22a550f3863206a3f701448c45f7912c6896a62de43add43bb9c86130c3e2 done
#4 DONE 0.0s

#5 [angular-dev builder 2/6] WORKDIR /app
#5 CACHED

#6 [angular-dev internal] load build context
#6 transferring context: 5.93kB done
#6 DONE 0.0s

#7 [angular-dev builder 3/6] COPY package*.json ./
#7 DONE 0.0s

#8 [angular-dev builder 4/6] RUN npm ci --no-audit && npm cache clean --force
#8 1.206 npm warn deprecated tar@6.2.1: Old versions of tar are not supported, and contain widely publicized security vulnerabilities, which have been fixed in the current version. Please update. Support for old versions may be purchased (at exorbitant rates) by contacting i@izs.me
#8 1.240 npm warn deprecated uuid@8.3.2: uuid@10 and below is no longer supported.  For ESM codebases, update to uuid@latest.  For CommonJS codebases, use uuid@11 (but be aware this version will likely be deprecated in 2028).
#8 1.245 npm warn deprecated rimraf@3.0.2: Rimraf versions prior to v4 are no longer supported
#8 1.822 npm warn deprecated inflight@1.0.6: This module is not supported, and leaks memory. Do not use it. Check out lru-cache if you want a good and tested way to coalesce async requests by a key value, which is much more comprehensive and powerful.
#8 1.929 npm warn deprecated glob@7.2.3: Old versions of glob are not supported, and contain widely publicized security vulnerabilities, which have been fixed in the current version. Please update. Support for old versions may be purchased (at exorbitant rates) by contacting i@izs.me
#8 4.174 npm warn deprecated glob@10.5.0: Old versions of glob are not supported, and contain widely publicized security vulnerabilities, which have been fixed in the current version. Please update. Support for old versions may be purchased (at exorbitant rates) by contacting i@izs.me
#8 4.205 npm warn deprecated glob@10.5.0: Old versions of glob are not supported, and contain widely publicized security vulnerabilities, which have been fixed in the current version. Please update. Support for old versions may be purchased (at exorbitant rates) by contacting i@izs.me
#8 5.612 
#8 5.612 added 1028 packages in 5s
#8 5.612 
#8 5.612 198 packages are looking for funding
#8 5.612   run `npm fund` for details
#8 5.613 npm notice
#8 5.613 npm notice New major version of npm available! 10.9.8 -> 11.18.0
#8 5.613 npm notice Changelog: https://github.com/npm/cli/releases/tag/v11.18.0
#8 5.613 npm notice To update run: npm install -g npm@11.18.0
#8 5.613 npm notice
#8 5.669 npm warn using --force Recommended protections disabled.
#8 DONE 6.3s

#9 [angular-dev builder 5/6] COPY . .
#9 DONE 0.1s

#10 [angular-dev builder 6/6] RUN npm run build:prod -- --output-path=dist
#10 0.134 npm warn config cache-min This option has been deprecated in favor of `--prefer-offline`.
#10 0.149 
#10 0.149 > finan-me@1.0.0 build:prod
#10 0.149 > ng build --configuration production --output-path=dist
#10 0.149 
#10 0.281 Error: This command is not available when running the Angular CLI outside a workspace.
#10 ERROR: process "/bin/sh -c npm run build:prod -- --output-path=dist" did not complete successfully: exit code: 1
------
 > [angular-dev builder 6/6] RUN npm run build:prod -- --output-path=dist:
0.134 npm warn config cache-min This option has been deprecated in favor of `--prefer-offline`.
0.149 
0.149 > finan-me@1.0.0 build:prod
0.149 > ng build --configuration production --output-path=dist
0.149 
0.281 Error: This command is not available when running the Angular CLI outside a workspace.
------
failed to solve: process "/bin/sh -c npm run build:prod -- --output-path=dist" did not complete successfully: exit code: 1
